#-----------------------------------------------------------
# Vivado v2019.2 (64-bit)
# SW Build 2708876 on Wed Nov  6 21:40:23 MST 2019
# IP Build 2700528 on Thu Nov  7 00:09:20 MST 2019
# Start of session at: Fri Feb 28 13:08:40 2020
# Process ID: 3296
# Current directory: C:/Users/8193452/Desktop/lab1/tmp
# Command line: vivado.exe -gui_launcher_event rodinguilauncherevent6880 C:\Users\8193452\Desktop\lab1\tmp\lab1.xpr
# Log file: C:/Users/8193452/Desktop/lab1/tmp/vivado.log
# Journal file: C:/Users/8193452/Desktop/lab1/tmp\vivado.jou
#-----------------------------------------------------------
start_gui
open_project C:/Users/8193452/Desktop/lab1/tmp/lab1.xpr
update_compile_order -fileset sources_1
synth_design -rtl -name rtl_1
launch_runs impl_1 -to_step write_bitstream -jobs 2
wait_on_run impl_1
close_design
open_run impl_1
open_hw_manager
connect_hw_server -allow_non_jtag
disconnect_hw_server localhost:3121
connect_hw_server -allow_non_jtag
disconnect_hw_server localhost:3121
connect_hw_server -allow_non_jtag
disconnect_hw_server localhost:3121
connect_hw_server -allow_non_jtag
open_hw_target
set_property PROGRAM.FILE {C:/Users/8193452/Desktop/lab1/tmp/lab1.runs/impl_1/test_sw.bit} [get_hw_devices xc7a100t_0]
current_hw_device [get_hw_devices xc7a100t_0]
refresh_hw_device -update_hw_probes false [lindex [get_hw_devices xc7a100t_0] 0]
set_property PROBES.FILE {} [get_hw_devices xc7a100t_0]
set_property FULL_PROBES.FILE {} [get_hw_devices xc7a100t_0]
set_property PROGRAM.FILE {C:/Users/8193452/Desktop/lab1/tmp/lab1.runs/impl_1/test_sw.bit} [get_hw_devices xc7a100t_0]
program_hw_devices [get_hw_devices xc7a100t_0]
refresh_hw_device [lindex [get_hw_devices xc7a100t_0] 0]
set_property PROBES.FILE {} [get_hw_devices xc7a100t_0]
set_property FULL_PROBES.FILE {} [get_hw_devices xc7a100t_0]
set_property PROGRAM.FILE {C:/Users/8193452/Desktop/lab1/tmp/lab1.runs/impl_1/test_sw.bit} [get_hw_devices xc7a100t_0]
program_hw_devices [get_hw_devices xc7a100t_0]
refresh_hw_device [lindex [get_hw_devices xc7a100t_0] 0]
