#-----------------------------------------------------------
# Vivado v2019.2 (64-bit)
# SW Build 2708876 on Wed Nov  6 21:40:23 MST 2019
# IP Build 2700528 on Thu Nov  7 00:09:20 MST 2019
# Start of session at: Fri Feb 28 14:02:10 2020
# Process ID: 6936
# Current directory: C:/Users/8193452/Desktop/lab1/tmp
# Command line: vivado.exe -gui_launcher_event rodinguilauncherevent5668 C:\Users\8193452\Desktop\lab1\tmp\lab1.xpr
# Log file: C:/Users/8193452/Desktop/lab1/tmp/vivado.log
# Journal file: C:/Users/8193452/Desktop/lab1/tmp\vivado.jou
#-----------------------------------------------------------
start_gui
open_project C:/Users/8193452/Desktop/lab1/tmp/lab1.xpr
update_compile_order -fileset sources_1
launch_runs impl_1 -to_step write_bitstream -jobs 2
wait_on_run impl_1
# Disabling source management mode.  This is to allow the top design properties to be set without GUI intervention.
set_property source_mgmt_mode None [current_project]
set_property top hex_test [current_fileset]
# Re-enabling previously disabled source management mode.
set_property source_mgmt_mode All [current_project]
# Disabling source management mode.  This is to allow the top design properties to be set without GUI intervention.
set_property source_mgmt_mode None [current_project]
# Re-enabling previously disabled source management mode.
set_property source_mgmt_mode All [current_project]
update_compile_order -fileset sources_1
reset_run impl_1
# Disabling source management mode.  This is to allow the top design properties to be set without GUI intervention.
set_property source_mgmt_mode None [current_project]
set_property top test_sw [current_fileset]
# Re-enabling previously disabled source management mode.
set_property source_mgmt_mode All [current_project]
reset_run synth_1
launch_runs impl_1 -to_step write_bitstream -jobs 2
wait_on_run impl_1
open_run impl_1
reset_run impl_1 -prev_step 
launch_runs impl_1 -to_step write_bitstream -jobs 2
wait_on_run impl_1
open_hw_manager
connect_hw_server -allow_non_jtag
open_hw_target
set_property PROGRAM.FILE {C:/Users/8193452/Desktop/lab1/tmp/lab1.runs/impl_1/test_sw.bit} [get_hw_devices xc7a100t_0]
current_hw_device [get_hw_devices xc7a100t_0]
refresh_hw_device -update_hw_probes false [lindex [get_hw_devices xc7a100t_0] 0]
set_property PROBES.FILE {} [get_hw_devices xc7a100t_0]
set_property FULL_PROBES.FILE {} [get_hw_devices xc7a100t_0]
set_property PROGRAM.FILE {C:/Users/8193452/Desktop/lab1/tmp/lab1.runs/impl_1/test_sw.bit} [get_hw_devices xc7a100t_0]
program_hw_devices [get_hw_devices xc7a100t_0]
refresh_hw_device [lindex [get_hw_devices xc7a100t_0] 0]
# Disabling source management mode.  This is to allow the top design properties to be set without GUI intervention.
set_property source_mgmt_mode None [current_project]
set_property top hex_test [current_fileset]
# Re-enabling previously disabled source management mode.
set_property source_mgmt_mode All [current_project]
update_compile_order -fileset sources_1
reset_run synth_1
launch_runs impl_1 -to_step write_bitstream -jobs 2
wait_on_run impl_1
set_property PROBES.FILE {} [get_hw_devices xc7a100t_0]
set_property FULL_PROBES.FILE {} [get_hw_devices xc7a100t_0]
set_property PROGRAM.FILE {C:/Users/8193452/Desktop/lab1/tmp/lab1.runs/impl_1/hex_test.bit} [get_hw_devices xc7a100t_0]
program_hw_devices [get_hw_devices xc7a100t_0]
refresh_hw_device [lindex [get_hw_devices xc7a100t_0] 0]
launch_simulation
source hex_test_tb.tcl
current_wave_config {Untitled 1}
add_wave {{/hex_test_tb/DUT/dc2}} 
current_wave_config {Untitled 1}
add_wave {{/hex_test_tb/DUT/func}} 
current_wave_config {Untitled 1}
add_wave {{/hex_test_tb/DUT/dc1}} 
current_wave_config {Untitled 1}
add_wave {{/hex_test_tb/DUT/dec}} 
restart
run 10 us
save_wave_config {C:/Users/8193452/Desktop/lab1/tmp/hex_test_tb_behav.wcfg}
add_files -fileset sim_1 -norecurse C:/Users/8193452/Desktop/lab1/tmp/hex_test_tb_behav.wcfg
set_property xsim.view C:/Users/8193452/Desktop/lab1/tmp/hex_test_tb_behav.wcfg [get_filesets sim_1]
close_sim
launch_simulation
open_wave_config C:/Users/8193452/Desktop/lab1/tmp/hex_test_tb_behav.wcfg
source hex_test_tb.tcl
reset_run synth_1
launch_runs impl_1 -to_step write_bitstream -jobs 2
wait_on_run impl_1
set_property PROBES.FILE {} [get_hw_devices xc7a100t_0]
set_property FULL_PROBES.FILE {} [get_hw_devices xc7a100t_0]
set_property PROGRAM.FILE {C:/Users/8193452/Desktop/lab1/tmp/lab1.runs/impl_1/hex_test.bit} [get_hw_devices xc7a100t_0]
program_hw_devices [get_hw_devices xc7a100t_0]
refresh_hw_device [lindex [get_hw_devices xc7a100t_0] 0]
reset_run impl_1 -prev_step 
launch_runs impl_1 -to_step write_bitstream -jobs 2
wait_on_run impl_1
set_property PROBES.FILE {} [get_hw_devices xc7a100t_0]
set_property FULL_PROBES.FILE {} [get_hw_devices xc7a100t_0]
set_property PROGRAM.FILE {C:/Users/8193452/Desktop/lab1/tmp/lab1.runs/impl_1/hex_test.bit} [get_hw_devices xc7a100t_0]
program_hw_devices [get_hw_devices xc7a100t_0]
refresh_hw_device [lindex [get_hw_devices xc7a100t_0] 0]
set_property PROBES.FILE {} [get_hw_devices xc7a100t_0]
set_property FULL_PROBES.FILE {} [get_hw_devices xc7a100t_0]
set_property PROGRAM.FILE {C:/Users/8193452/Desktop/lab1/tmp/lab1.runs/impl_1/hex_test.bit} [get_hw_devices xc7a100t_0]
program_hw_devices [get_hw_devices xc7a100t_0]
refresh_hw_device [lindex [get_hw_devices xc7a100t_0] 0]
reset_run synth_1
launch_runs impl_1 -to_step write_bitstream -jobs 2
wait_on_run impl_1
set_property PROBES.FILE {} [get_hw_devices xc7a100t_0]
set_property FULL_PROBES.FILE {} [get_hw_devices xc7a100t_0]
set_property PROGRAM.FILE {C:/Users/8193452/Desktop/lab1/tmp/lab1.runs/impl_1/hex_test.bit} [get_hw_devices xc7a100t_0]
program_hw_devices [get_hw_devices xc7a100t_0]
refresh_hw_device [lindex [get_hw_devices xc7a100t_0] 0]
close_sim
launch_simulation
open_wave_config C:/Users/8193452/Desktop/lab1/tmp/hex_test_tb_behav.wcfg
source hex_test_tb.tcl
relaunch_sim
relaunch_sim
relaunch_sim
reset_run synth_1
launch_runs impl_1 -to_step write_bitstream -jobs 2
wait_on_run impl_1
reset_run synth_1
