#-----------------------------------------------------------
# Vivado v2019.2 (64-bit)
# SW Build 2708876 on Wed Nov  6 21:40:23 MST 2019
# IP Build 2700528 on Thu Nov  7 00:09:20 MST 2019
# Start of session at: Fri Mar 13 12:44:05 2020
# Process ID: 6604
# Current directory: C:/Users/8180821/Desktop/lab1-i/tmp
# Command line: vivado.exe -gui_launcher_event rodinguilauncherevent6544 C:\Users\8180821\Desktop\lab1-i\tmp\lab1.xpr
# Log file: C:/Users/8180821/Desktop/lab1-i/tmp/vivado.log
# Journal file: C:/Users/8180821/Desktop/lab1-i/tmp\vivado.jou
#-----------------------------------------------------------
start_gui
open_project C:/Users/8180821/Desktop/lab1-i/tmp/lab1.xpr
update_compile_order -fileset sources_1
launch_simulation
launch_simulation
launch_simulation
open_wave_config C:/Users/8180821/Desktop/lab1-i/tmp/hex_test_tb_behav.wcfg
source hex_test_tb.tcl
relaunch_sim
run all
relaunch_sim
open_hw_manager
connect_hw_server -allow_non_jtag
open_hw_target
current_hw_device [get_hw_devices xc7a100t_0]
refresh_hw_device -update_hw_probes false [lindex [get_hw_devices xc7a100t_0] 0]
launch_runs impl_1 -to_step write_bitstream -jobs 2
wait_on_run impl_1
reset_run synth_1
launch_runs synth_1 -jobs 2
wait_on_run synth_1
reset_run synth_1
launch_runs impl_1 -to_step write_bitstream -jobs 2
wait_on_run impl_1
reset_run synth_1
launch_runs synth_1 -jobs 2
wait_on_run synth_1
save_wave_config {C:/Users/8180821/Desktop/lab1-i/tmp/hex_test_tb_behav.wcfg}
close_sim
launch_simulation
open_wave_config C:/Users/8180821/Desktop/lab1-i/tmp/hex_test_tb_behav.wcfg
source hex_test_tb.tcl
reset_run synth_1
launch_runs synth_1 -jobs 2
wait_on_run synth_1
open_run synth_1 -name synth_1
refresh_hw_device [lindex [get_hw_devices xc7a100t_0] 0]
refresh_hw_device [lindex [get_hw_devices xc7a100t_0] 0]
close_hw_manager
open_hw_manager
connect_hw_server -allow_non_jtag
open_hw_target
current_hw_device [get_hw_devices xc7a100t_0]
refresh_hw_device -update_hw_probes false [lindex [get_hw_devices xc7a100t_0] 0]
reset_run synth_1
launch_runs synth_1 -jobs 2
wait_on_run synth_1
launch_runs impl_1 -to_step write_bitstream -jobs 2
wait_on_run impl_1
reset_run synth_1
launch_runs synth_1 -jobs 2
wait_on_run synth_1
launch_runs impl_1 -to_step write_bitstream -jobs 2
wait_on_run impl_1
open_run impl_1
set_property PROBES.FILE {} [get_hw_devices xc7a100t_0]
set_property FULL_PROBES.FILE {} [get_hw_devices xc7a100t_0]
set_property PROGRAM.FILE {C:/Users/8180821/Desktop/lab1-i/tmp/lab1.runs/impl_1/hex_test.bit} [get_hw_devices xc7a100t_0]
program_hw_devices [get_hw_devices xc7a100t_0]
refresh_hw_device [lindex [get_hw_devices xc7a100t_0] 0]
save_project_as project_1 C:/Users/8180821/Desktop/lab1-i/tmp -force
close_sim
